Starting index construction at Tue Oct 14 02:56:48 PM CST 2025
L : G = 347088 : 152912 = 2.26985
L : G = 347183 : 152817 = 2.27189
Merge time: 44.098 s; msmarco1M_random_RGTM_et0_ef200_10_3_M30.hnsw
L : G = 347088 : 152912 = 2.26985
L : G = 347183 : 152817 = 2.27189
Merge time: 48.1204 s; msmarco1M_random_RGTM_et0_ef200_20_3_M30.hnsw
L : G = 347088 : 152912 = 2.26985
L : G = 347183 : 152817 = 2.27189
Merge time: 55.4849 s; msmarco1M_random_RGTM_et0_ef200_30_3_M30.hnsw
L : G = 347088 : 152912 = 2.26985
L : G = 347183 : 152817 = 2.27189
Merge time: 56.9342 s; msmarco1M_random_RGTM_et0_ef200_40_3_M30.hnsw
L : G = 403803 : 96197 = 4.19767
L : G = 404010 : 95990 = 4.20888
Merge time: 37.0404 s; msmarco1M_random_RGTM_et0_ef200_10_5_M30.hnsw
L : G = 403803 : 96197 = 4.19767
L : G = 404010 : 95990 = 4.20888
Merge time: 38.6722 s; msmarco1M_random_RGTM_et0_ef200_20_5_M30.hnsw
L : G = 403803 : 96197 = 4.19767
L : G = 404010 : 95990 = 4.20888
Merge time: 41.7497 s; msmarco1M_random_RGTM_et0_ef200_30_5_M30.hnsw
L : G = 403803 : 96197 = 4.19767
L : G = 404010 : 95990 = 4.20888
Merge time: 46.4315 s; msmarco1M_random_RGTM_et0_ef200_40_5_M30.hnsw
L : G = 442731 : 57269 = 7.73073
L : G = 442838 : 57162 = 7.74707
Merge time: 31.0725 s; msmarco1M_random_RGTM_et0_ef200_10_10_M30.hnsw
L : G = 442731 : 57269 = 7.73073
L : G = 442838 : 57162 = 7.74707
Merge time: 35.0823 s; msmarco1M_random_RGTM_et0_ef200_20_10_M30.hnsw
L : G = 442731 : 57269 = 7.73073
L : G = 442838 : 57162 = 7.74707
Merge time: 39.9893 s; msmarco1M_random_RGTM_et0_ef200_30_10_M30.hnsw
L : G = 442731 : 57269 = 7.73073
L : G = 442838 : 57162 = 7.74707
Merge time: 43.7092 s; msmarco1M_random_RGTM_et0_ef200_40_10_M30.hnsw
Merge time: 106.219 s; msmarco1M_random_NGM_et0_ef200_M30.hnsw
Index construction completed at Tue Oct 14 03:09:01 PM CST 2025
Starting index construction at Wed Oct 15 02:51:06 PM CST 2025
L : G = 347062 : 152938 = 2.2693
L : G = 347201 : 152799 = 2.27227
Merge time: 24.9347 s; msmarco1M_random_RGTM_et0_ef50_5_3_M30.hnsw
L : G = 347062 : 152938 = 2.2693
L : G = 347201 : 152799 = 2.27227
Merge time: 24.6319 s; msmarco1M_random_RGTM_et0_ef50_10_3_M30.hnsw
L : G = 347062 : 152938 = 2.2693
L : G = 347201 : 152799 = 2.27227
Merge time: 30.1735 s; msmarco1M_random_RGTM_et0_ef50_20_3_M30.hnsw
L : G = 347062 : 152938 = 2.2693
L : G = 347201 : 152799 = 2.27227
Merge time: 39.9427 s; msmarco1M_random_RGTM_et0_ef50_40_3_M30.hnsw
Merge time: 44.1197 s; msmarco1M_random_NGM_et0_ef50_M30.hnsw
Index construction completed at Wed Oct 15 02:54:30 PM CST 2025
Starting index construction at Wed Oct 15 09:23:48 PM CST 2025
L : G = 347098 : 152902 = 2.27007
L : G = 347195 : 152805 = 2.27214
Merge time: 24.2697 s; msmarco1M_random_RGTM_et0_ef50_5_3_M30.hnsw
L : G = 347098 : 152902 = 2.27007
L : G = 347195 : 152805 = 2.27214
Merge time: 25.9084 s; msmarco1M_random_RGTM_et0_ef50_10_3_M30.hnsw
L : G = 347098 : 152902 = 2.27007
L : G = 347195 : 152805 = 2.27214
Merge time: 30.5518 s; msmarco1M_random_RGTM_et0_ef50_20_3_M30.hnsw
L : G = 347098 : 152902 = 2.27007
L : G = 347195 : 152805 = 2.27214
Merge time: 42.2621 s; msmarco1M_random_RGTM_et0_ef50_40_3_M30.hnsw
Merge time: 45.5119 s; msmarco1M_random_NGM_et0_ef50_M30.hnsw
Index construction completed at Wed Oct 15 09:27:27 PM CST 2025
