Starting index construction at Tue Oct 14 12:07:10 PM CST 2025
L : G = 333310 : 166690 = 1.99958
L : G = 333239 : 166761 = 1.9983
Merge time: 17.2094 s; sift_random_RGTM_et0_ef200_10_3_M25.hnsw
L : G = 333310 : 166690 = 1.99958
L : G = 333239 : 166761 = 1.9983
Merge time: 17.8515 s; sift_random_RGTM_et0_ef200_20_3_M25.hnsw
L : G = 333310 : 166690 = 1.99958
L : G = 333239 : 166761 = 1.9983
Merge time: 18.6252 s; sift_random_RGTM_et0_ef200_30_3_M25.hnsw
L : G = 333310 : 166690 = 1.99958
L : G = 333239 : 166761 = 1.9983
Merge time: 19.3916 s; sift_random_RGTM_et0_ef200_40_3_M25.hnsw
L : G = 379577 : 120423 = 3.15203
L : G = 379893 : 120107 = 3.16295
Merge time: 14.5949 s; sift_random_RGTM_et0_ef200_10_5_M25.hnsw
L : G = 379577 : 120423 = 3.15203
L : G = 379893 : 120107 = 3.16295
Merge time: 15.5611 s; sift_random_RGTM_et0_ef200_20_5_M25.hnsw
L : G = 379577 : 120423 = 3.15203
L : G = 379893 : 120107 = 3.16295
Merge time: 16.7136 s; sift_random_RGTM_et0_ef200_30_5_M25.hnsw
L : G = 379577 : 120423 = 3.15203
L : G = 379893 : 120107 = 3.16295
Merge time: 17.5646 s; sift_random_RGTM_et0_ef200_40_5_M25.hnsw
L : G = 424940 : 75060 = 5.66134
L : G = 424733 : 75267 = 5.64302
Merge time: 12.5388 s; sift_random_RGTM_et0_ef200_10_10_M25.hnsw
L : G = 424940 : 75060 = 5.66134
L : G = 424733 : 75267 = 5.64302
Merge time: 13.502 s; sift_random_RGTM_et0_ef200_20_10_M25.hnsw
L : G = 424940 : 75060 = 5.66134
L : G = 424733 : 75267 = 5.64302
Merge time: 14.7315 s; sift_random_RGTM_et0_ef200_30_10_M25.hnsw
L : G = 424940 : 75060 = 5.66134
L : G = 424733 : 75267 = 5.64302
Merge time: 15.8798 s; sift_random_RGTM_et0_ef200_40_10_M25.hnsw
Merge time: 34.5557 s; sift_random_NGM_et0_ef200_M25.hnsw
Index construction completed at Tue Oct 14 12:11:32 PM CST 2025
Starting index construction at Wed Oct 15 02:47:05 PM CST 2025
L : G = 333029 : 166971 = 1.99453
L : G = 332794 : 167206 = 1.99032
Merge time: 8.38372 s; sift_random_RGTM_et0_ef40_5_3_M25.hnsw
L : G = 333029 : 166971 = 1.99453
L : G = 332794 : 167206 = 1.99032
Merge time: 9.03271 s; sift_random_RGTM_et0_ef40_10_3_M25.hnsw
L : G = 333029 : 166971 = 1.99453
L : G = 332794 : 167206 = 1.99032
Merge time: 9.98244 s; sift_random_RGTM_et0_ef40_20_3_M25.hnsw
L : G = 333029 : 166971 = 1.99453
L : G = 332794 : 167206 = 1.99032
Merge time: 11.6803 s; sift_random_RGTM_et0_ef40_40_3_M25.hnsw
Merge time: 10.9934 s; sift_random_NGM_et0_ef40_M25.hnsw
Index construction completed at Wed Oct 15 02:48:08 PM CST 2025
Starting index construction at Wed Oct 15 09:19:38 PM CST 2025
L : G = 333103 : 166897 = 1.99586
L : G = 332969 : 167031 = 1.99346
Merge time: 8.34254 s; sift_random_RGTM_et0_ef40_5_3_M25.hnsw
L : G = 333103 : 166897 = 1.99586
L : G = 332969 : 167031 = 1.99346
Merge time: 8.90624 s; sift_random_RGTM_et0_ef40_10_3_M25.hnsw
L : G = 333103 : 166897 = 1.99586
L : G = 332969 : 167031 = 1.99346
Merge time: 9.96352 s; sift_random_RGTM_et0_ef40_20_3_M25.hnsw
L : G = 333103 : 166897 = 1.99586
L : G = 332969 : 167031 = 1.99346
Merge time: 11.6656 s; sift_random_RGTM_et0_ef40_40_3_M25.hnsw
Merge time: 11.0491 s; sift_random_NGM_et0_ef40_M25.hnsw
Index construction completed at Wed Oct 15 09:20:43 PM CST 2025
